
========== LOADING REGISTERED MODEL ==========

Loading model: models:/CustomerChurnModel@champion
Model loaded successfully

========== LOADING DATA ==========


========== PREPROCESSING ==========


========== PREPROCESSING ==========

customerID removed
Converted TotalCharges to numeric

Missing values after conversion
gender               0
SeniorCitizen        0
Partner              0
Dependents           0
tenure               0
PhoneService         0
MultipleLines        0
InternetService      0
OnlineSecurity       0
OnlineBackup         0
DeviceProtection     0
TechSupport          0
StreamingTV          0
StreamingMovies      0
Contract             0
PaperlessBilling     0
PaymentMethod        0
MonthlyCharges       0
TotalCharges        11
Churn                0
dtype: int64

Removed 11 rows
Dataset encoded
Final dataset shape: (7032, 31)
Test samples: 1407

========== CONFUSION MATRIX ==========


========== EVALUATION COMPLETED ==========

