
========== DATASET SHAPE ==========

(7043, 21)

========== COLUMN NAMES ==========

customerID
gender
SeniorCitizen
Partner
Dependents
tenure
PhoneService
MultipleLines
InternetService
OnlineSecurity
OnlineBackup
DeviceProtection
TechSupport
StreamingTV
StreamingMovies
Contract
PaperlessBilling
PaymentMethod
MonthlyCharges
TotalCharges
Churn

========== FIRST FIVE ROWS ==========


   customerID  gender  SeniorCitizen Partner Dependents  tenure PhoneService     MultipleLines InternetService OnlineSecurity OnlineBackup DeviceProtection TechSupport StreamingTV StreamingMovies        Contract PaperlessBilling              PaymentMethod  MonthlyCharges TotalCharges Churn
0  7590-VHVEG  Female              0     Yes         No       1           No  No phone service             DSL             No          Yes               No          No          No              No  Month-to-month              Yes           Electronic check           29.85        29.85    No
1  5575-GNVDE    Male              0      No         No      34          Yes                No             DSL            Yes           No              Yes          No          No              No        One year               No               Mailed check           56.95       1889.5    No
2  3668-QPYBK    Male              0      No         No       2          Yes                No             DSL            Yes          Yes               No          No          No              No  Month-to-month              Yes               Mailed check           53.85       108.15   Yes
3  7795-CFOCW    Male              0      No         No      45           No  No phone service             DSL            Yes           No              Yes         Yes          No              No        One year               No  Bank transfer (automatic)           42.30      1840.75    No
4  9237-HQITU  Female              0      No         No       2          Yes                No     Fiber optic             No           No               No          No          No              No  Month-to-month              Yes           Electronic check           70.70       151.65   Yes

========== DATA TYPES ==========


customerID           object
gender               object
SeniorCitizen         int64
Partner              object
Dependents           object
tenure                int64
PhoneService         object
MultipleLines        object
InternetService      object
OnlineSecurity       object
OnlineBackup         object
DeviceProtection     object
TechSupport          object
StreamingTV          object
StreamingMovies      object
Contract             object
PaperlessBilling     object
PaymentMethod        object
MonthlyCharges      float64
TotalCharges         object
Churn                object
dtype: object

========== MISSING VALUES ==========


customerID          0
gender              0
SeniorCitizen       0
Partner             0
Dependents          0
tenure              0
PhoneService        0
MultipleLines       0
InternetService     0
OnlineSecurity      0
OnlineBackup        0
DeviceProtection    0
TechSupport         0
StreamingTV         0
StreamingMovies     0
Contract            0
PaperlessBilling    0
PaymentMethod       0
MonthlyCharges      0
TotalCharges        0
Churn               0
dtype: int64

========== TARGET DISTRIBUTION ==========


Churn
No     5174
Yes    1869
Name: count, dtype: int64

========== BLANK TOTALCHARGES ==========

Blank TotalCharges values: 11
